// Jest Snapshot v1, https://goo.gl/fbAQLP

exports[`rendering Welcome 1`] = `
<DocumentFragment>
  <header
    class="css-1ienwms-Header"
  >
    <div
      class="css-1755hce-NavBar"
    >
      <h2>
         
      </h2>
    </div>
    <div
      class="css-1755hce-NavBar"
    >
      <a
        class="css-109fdo4-NavBar"
        href="/"
      >
        <img
          alt="Wharton Logo"
          class="css-uj5uly-NavBar"
          src="/assets/img/wharton_logo.png"
        />
        <h1
          class="css-1lp1hih-NavBar"
        >
          Line Balancing
        </h1>
      </a>
    </div>
    <div
      class="css-191exao-NavBar"
    >
      <button
        class="css-1ww68zw-NavBar"
      >
        ☰
      </button>
    </div>
  </header>
  <main
    class="css-1vaqpk9-MainContent"
  >
    <h2>
      Welcome
    </h2>
    <img
      alt="Welcome"
      src="assets/img/wharton_logo.png"
    />
    <p>
      Welcome message for students
    </p>
  </main>
  <section
    class="css-3vj8vd-Action"
  >
    <button
      class="css-1rlcy0k-Button"
    >
      <a
        href="/game/1"
      >
        Start Game
      </a>
    </button>
  </section>
</DocumentFragment>
`;
