// Jest Snapshot v1, https://goo.gl/fbAQLP

exports[`Statement based on game stage 1`] = `
<DocumentFragment>
  <div
    class="css-r2qhka-Statement"
  >
    <p
      class="css-glmelo-Statement"
    >
      Balance production to increase production. Use the radio buttons to shift tasks between adjacent workers. Good Luck!
    </p>
  </div>
</DocumentFragment>
`;
