// Jest Snapshot v1, https://goo.gl/fbAQLP

exports[`TitlesForm based on game stage 1`] = `
<DocumentFragment>
  <div
    class="css-19ixip1-TitlesForm"
  >
    <div
      class="css-ec7gzg-TitlesForm"
    >
      Tasks
    </div>
    <div
      class="css-ec7gzg-TitlesForm"
    >
      Station 1
    </div>
    <div
      class="css-ec7gzg-TitlesForm"
    >
      Station 2
    </div>
    <div
      class="css-ec7gzg-TitlesForm"
    >
      Station 3
    </div>
  </div>
</DocumentFragment>
`;
